Processing default (platform: https://github.com/pioarduino/platform-espressif32/releases/download/55.03.37/platform-espressif32.zip; board: esp32-c3-devkitm-1; framework: arduino)
--------------------------------------------------------------------------------
Verbose mode can be enabled via `-v, --verbose` option
Generated: src/network/html/HomePageHtml.generated.h
  Original: 4278 bytes
  Minified: 4029 bytes (94.2%)
  Compressed: 1414 bytes (33.1%)
Generated: src/network/html/SettingsPageHtml.generated.h
  Original: 11460 bytes
  Minified: 11356 bytes (99.1%)
  Compressed: 3272 bytes (28.6%)
Generated: src/network/html/FilesPageHtml.generated.h
  Original: 44616 bytes
  Minified: 43980 bytes (98.6%)
  Compressed: 10037 bytes (22.5%)
Running i18n generation script from PlatformIO...
Reading translations from: lib/I18n/translations
Output directory: lib/I18n/

Loaded 1 languages, 345 string keys
Generated: lib/I18n/I18nKeys.h
Generated: lib/I18n/I18nStrings.h
Generated: lib/I18n/I18nStrings.cpp

✓ Code generation complete!
  Languages: 1
  String keys: 345
CONFIGURATION: https://docs.platformio.org/page/boards/espressif32/esp32-c3-devkitm-1.html
PLATFORM: Espressif 32 (55.3.37) > Espressif ESP32-C3-DevKitM-1
HARDWARE: ESP32C3 160MHz, 320KB RAM, 16MB Flash
DEBUG: Current (cmsis-dap) External (cmsis-dap, esp-bridge, esp-builtin, esp-prog, iot-bus-jtag, jlink, minimodule, olimex-arm-usb-ocd, olimex-arm-usb-ocd-h, olimex-arm-usb-tiny-h, olimex-jtag-tiny, tumpa)
PACKAGES: 
 - contrib-piohome @ 3.4.4 
 - framework-arduinoespressif32 @ 3.3.7 
 - framework-arduinoespressif32-libs @ 5.5.0+sha.87912cd291 
 - tool-cppcheck @ 2.11.0+230717 
 - tool-esptoolpy @ 5.1.2 
 - toolchain-riscv32-esp @ 14.2.0+20251107
LDF: Library Dependency Finder -> https://bit.ly/configure-pio-ldf
LDF Modes: Finder ~ chain, Compatibility ~ soft
Found 73 compatible libraries
Scanning dependencies...
Dependency Graph
|-- BatteryMonitor @ 1.0.0
|-- InputManager @ 1.1.0
|-- EInkDisplay @ 1.0.0
|-- SDCardManager @ 2.0.0
|-- ArduinoJson @ 7.4.2
|-- QRCode @ 0.0.1
|-- PNGdec @ 1.1.6
|-- WebSockets @ 2.7.3
|-- hal
|-- Logging
|-- Serialization
|-- Epub
|-- Xtc
|-- GfxRenderer
|-- I18n
|-- Txt
|-- Utf8
|-- ESPmDNS @ 3.3.7
|-- WiFi @ 3.3.7
|-- DNSServer @ 3.3.7
|-- FsHelpers
|-- ExternalFont
|-- EpdFont @ 1.0.0
|-- SPI @ 3.3.7
|-- HTTPClient @ 3.3.7
|-- Networking @ 3.3.7
|-- NetworkClientSecure @ 3.3.7
|-- Update @ 3.3.7
|-- Lua
|-- WebServer @ 3.3.7
Building in release mode
Compiling .pio/build/default/src/PathRepairManager.cpp.o
Compiling .pio/build/default/src/activities/network/FileTransferActivity.cpp.o
Compiling .pio/build/default/src/activities/network/NetworkModeSelectionActivity.cpp.o
Compiling .pio/build/default/src/activities/network/WifiSelectionActivity.cpp.o
Compiling .pio/build/default/src/activities/reader/EpubReaderActivity.cpp.o
Compiling .pio/build/default/src/activities/reader/EpubReaderChapterSelectionActivity.cpp.o
Compiling .pio/build/default/src/activities/reader/EpubReaderMenuActivity.cpp.o
Compiling .pio/build/default/src/activities/reader/EpubReaderPercentSelectionActivity.cpp.o
src/PathRepairManager.cpp: In static member function 'static std::string PathRepairManager::recursiveSearch(const std::string&, const std::string&, uint32_t)':
src/PathRepairManager.cpp:24:27: error: no matching function for call to 'FsFile::openNextFile(FsFile*, int)'
   24 |   while (file.openNextFile(&dir, O_RDONLY)) {
      |          ~~~~~~~~~~~~~~~~~^~~~~~~~~~~~~~~~
In file included from .pio/libdeps/default/SdFat/src/FsLib/FsLib.h:30,
                 from .pio/libdeps/default/SdFat/src/SdFat.h:32,
                 from /Users/lee/Documents/XTEINK X4/tools/crosspoint-reader/open-x4-sdk/libs/hardware/SDCardManager/include/SDCardManager.h:6,
                 from lib/hal/HalStorage.h:4,
                 from src/PathRepairManager.cpp:2:
.pio/libdeps/default/SdFat/src/FsLib/FsFile.h:929:10: note: candidate: 'FsFile FsFile::openNextFile(oflag_t)'
  929 |   FsFile openNextFile(oflag_t oflag = O_RDONLY) {
      |          ^~~~~~~~~~~~
.pio/libdeps/default/SdFat/src/FsLib/FsFile.h:929:10: note:   candidate expects 1 argument, 2 provided
*** [.pio/build/default/src/PathRepairManager.cpp.o] Error 1
========================= [FAILED] Took 10.00 seconds =========================

Environment    Status    Duration
-------------  --------  ------------
default        FAILED    00:00:09.995
==================== 1 failed, 0 succeeded in 00:00:09.995 ====================
